// Jest Snapshot v1, https://goo.gl/fbAQLP

exports[`getNextConfig return null on nothing 1`] = `null`;

exports[`getNextConfig should find entry file 1`] = `
"module.exports = {};
"
`;

exports[`getNextConfig should find work file second 1`] = `
"module.exports = { target: 'serverless' };
"
`;
